[wyjdzzdlugow.pl/index.html]
[backblue.gif]
[fade.gif]
[index.html]
[maxcdn.bootstrapcdn.com/bootstrap/3.3.7/css/bootstrap.min.css]
[cdnjs.cloudflare.com/ajax/libs/materialize/0.97.6/css/materialize.min.css]
[cdnjs.cloudflare.com/ajax/libs/OwlCarousel2/2.2.0/assets/owl.carousel.min.css]
[cdnjs.cloudflare.com/ajax/libs/OwlCarousel2/2.2.0/assets/owl.theme.default.min.css]
[daneden.github.io/animate.css/animate.min.4.delayed]
[wyjdzzdlugow.pl/static/lp/plan/css/style25f6.css]
[wyjdzzdlugow.pl/centrumoddluzeniowe.6.delayed]
[wyjdzzdlugow.pl/oglosupadlosc.pl]
[wyjdzzdlugow.pl/sprawdzbazy.pl]
[wyjdzzdlugow.pl/static/images/cert/firma-wiarygodna-finansowo.png]
[wyjdzzdlugow.pl/polityka-prywatnosci/index.html]
[wyjdzzdlugow.pl/static/images/cert/pewny-kontrahent.png]
[wyjdzzdlugow.pl/lista-partnerow/index.html]
[wyjdzzdlugow.pl/static/images/cert/rzetelna-firma.png]
[wyjdzzdlugow.pl/static/images/program-partnerski.png]
[wyjdzzdlugow.pl/program-partnerski/index.html]
[ajax.googleapis.com/ajax/libs/jquery/1.12.4/jquery.min.js]
[wyjdzzdlugow.pl/regulamin/index.html]
[wyjdzzdlugow.pl/nota-prawna/index.html]
[maxcdn.bootstrapcdn.com/bootstrap/3.3.7/js/bootstrap.min.js]
[cdnjs.cloudflare.com/ajax/libs/modernizr/2.8.3/modernizr.min.js]
[cdnjs.cloudflare.com/ajax/libs/OwlCarousel2/2.2.0/owl.carousel.min.js]
[cdnjs.cloudflare.com/ajax/libs/jquery.mask/1.14.9/jquery.mask.js]
[cdnjs.cloudflare.com/ajax/libs/materialize/0.98.0/js/materialize.min.js]
[wyjdzzdlugow.pl/index.html]
[maxcdn.bootstrapcdn.com/bootstrap/3.3.7/css/bootstrap.min.css]
[cdnjs.cloudflare.com/ajax/libs/materialize/0.97.6/css/materialize.min.css]
[connect.facebook.net/pl_PL/sdk.js]
[cdnjs.cloudflare.com/ajax/libs/OwlCarousel2/2.2.0/assets/owl.video.play.png]
[cdnjs.cloudflare.com/ajax/libs/OwlCarousel2/2.2.0/assets/owl.carousel.min.css]
[cdnjs.cloudflare.com/ajax/libs/OwlCarousel2/2.2.0/assets/owl.theme.default.min.css]
[daneden.github.io/animate.css/animate.min.html]
[wyjdzzdlugow.pl/static/lp/plan/images/bg.jpg]
[wyjdzzdlugow.pl/static/lp/plan/images/bg-02.jpg]
[wyjdzzdlugow.pl/static/lp/plan/css/style25f6.css]
[wyjdzzdlugow.pl/centrumoddluzeniowe.html]
[wyjdzzdlugow.pl/oglosupadlosc.html]
[wyjdzzdlugow.pl/sprawdzbazy.html]
[wyjdzzdlugow.pl/lista-partnerow/centrumoddluzeniowe.pl]
[wyjdzzdlugow.pl/lista-partnerow/oglosupadlosc.pl]
[wyjdzzdlugow.pl/lista-partnerow/sprawdzbazy.pl]
[wyjdzzdlugow.pl/lista-partnerow/index.html]
[wyjdzzdlugow.pl/polityka-prywatnosci/centrumoddluzeniowe.pl]
[wyjdzzdlugow.pl/polityka-prywatnosci/oglosupadlosc.pl]
[wyjdzzdlugow.pl/polityka-prywatnosci/sprawdzbazy.pl]
[wyjdzzdlugow.pl/polityka-prywatnosci/index.html]
[wyjdzzdlugow.pl/program-partnerski/centrumoddluzeniowe.pl]
[wyjdzzdlugow.pl/program-partnerski/oglosupadlosc.pl]
[wyjdzzdlugow.pl/program-partnerski/sprawdzbazy.pl]
[wyjdzzdlugow.pl/program-partnerski/index.html]
[wyjdzzdlugow.pl/regulamin/centrumoddluzeniowe.pl]
[wyjdzzdlugow.pl/regulamin/oglosupadlosc.pl]
[wyjdzzdlugow.pl/regulamin/sprawdzbazy.pl]
[wyjdzzdlugow.pl/regulamin/index.html]
[wyjdzzdlugow.pl/nota-prawna/centrumoddluzeniowe.pl]
[wyjdzzdlugow.pl/nota-prawna/oglosupadlosc.pl]
[wyjdzzdlugow.pl/nota-prawna/sprawdzbazy.pl]
[wyjdzzdlugow.pl/nota-prawna/index.html]
[connect.facebook.net/pl_PL/sdk.js]
[wyjdzzdlugow.pl/lista-partnerow/centrumoddluzeniowe.html]
[wyjdzzdlugow.pl/lista-partnerow/oglosupadlosc.html]
[wyjdzzdlugow.pl/lista-partnerow/sprawdzbazy.html]
[wyjdzzdlugow.pl/polityka-prywatnosci/centrumoddluzeniowe.html]
[wyjdzzdlugow.pl/polityka-prywatnosci/oglosupadlosc.html]
[wyjdzzdlugow.pl/polityka-prywatnosci/sprawdzbazy.html]
[wyjdzzdlugow.pl/program-partnerski/centrumoddluzeniowe.html]
[wyjdzzdlugow.pl/program-partnerski/oglosupadlosc.html]
[wyjdzzdlugow.pl/program-partnerski/sprawdzbazy.html]
[wyjdzzdlugow.pl/regulamin/centrumoddluzeniowe.html]
[wyjdzzdlugow.pl/regulamin/oglosupadlosc.html]
[wyjdzzdlugow.pl/regulamin/sprawdzbazy.html]
[wyjdzzdlugow.pl/nota-prawna/centrumoddluzeniowe.html]
[wyjdzzdlugow.pl/nota-prawna/oglosupadlosc.html]
[wyjdzzdlugow.pl/nota-prawna/sprawdzbazy.html]
